// Jest Snapshot v1, https://goo.gl/fbAQLP

exports[`Header renders the Header as expected 1`] = `
<header
  className="Header"
>
  <h1
    className="Header__title"
  >
    <a
      href="/"
      onClick={[Function]}
      onMouseEnter={[Function]}
    >
      <img
        alt="Logo: stylized letters 'BRN'"
        src="/images/logo.svg"
      />
    </a>
  </h1>
</header>
`;
